#
# There is insufficient memory for the Java Runtime Environment to continue.
# Native memory allocation (mmap) failed to map 264241152 bytes for G1 virtual space
# Possible reasons:
#   The system is out of physical RAM or swap space
#   The process is running with CompressedOops enabled, and the Java Heap may be blocking the growth of the native heap
# Possible solutions:
#   Reduce memory load on the system
#   Increase physical memory or swap space
#   Check if swap backing store is full
#   Decrease Java heap size (-Xmx/-Xms)
#   Decrease number of Java threads
#   Decrease Java thread stack sizes (-Xss)
#   Set larger code cache with -XX:ReservedCodeCacheSize=
#   JVM is running with Zero Based Compressed Oops mode in which the Java heap is
#     placed in the first 32GB address space. The Java Heap base address is the
#     maximum limit for the native heap growth. Please use -XX:HeapBaseMinAddress
#     to set the Java Heap base and to place the Java Heap above 32GB virtual address.
# This output file may be truncated or incomplete.
#
#  Out of Memory Error (os_windows.cpp:3548), pid=16808, tid=19532
#
# JRE version:  (17.0.11+7) (build )
# Java VM: Java HotSpot(TM) 64-Bit Server VM (17.0.11+7-LTS-207, mixed mode, sharing, tiered, compressed oops, compressed class ptrs, g1 gc, windows-amd64)
# No core dump will be written. Minidumps are not enabled by default on client versions of Windows
#

---------------  S U M M A R Y ------------

Command Line: -Dnet.bytebuddy.agent.attacher.dump= -agentpath:C:\Program Files\Palo Alto Networks\Traps\cyjagent.dll net.bytebuddy.agent.Attacher com.sun.tools.attach.VirtualMachine 15564 C:\Users\SSDD\.m2\repository\net\bytebuddy\byte-buddy-agent\1.17.8\byte-buddy-agent-1.17.8.jar false 

Host: 12th Gen Intel(R) Core(TM) i5-12500, 12 cores, 15G,  Windows 11 , 64 bit Build 26100 (10.0.26100.8115)
Time: Tue Jun 16 11:28:00 2026 Hora est. Sudamérica Pacífico elapsed time: 1.217492 seconds (0d 0h 0m 1s)

---------------  T H R E A D  ---------------

Current thread (0x000001c7480eede0):  JavaThread "Unknown thread" [_thread_in_vm, id=19532, stack(0x0000002f1a900000,0x0000002f1aa00000)]

Stack: [0x0000002f1a900000,0x0000002f1aa00000]
Native frames: (J=compiled Java code, j=interpreted, Vv=VM code, C=native code)
V  [jvm.dll+0x679cca]
V  [jvm.dll+0x7da13d]
V  [jvm.dll+0x7dba83]
V  [jvm.dll+0x7dc0f3]
V  [jvm.dll+0x2449af]
V  [jvm.dll+0x676ce9]
V  [jvm.dll+0x66b852]
V  [jvm.dll+0x3018d6]
V  [jvm.dll+0x308e76]
V  [jvm.dll+0x3596ee]
V  [jvm.dll+0x35991f]
V  [jvm.dll+0x2d89a8]
V  [jvm.dll+0x2d9914]
V  [jvm.dll+0x7ac6b1]
V  [jvm.dll+0x366f61]
V  [jvm.dll+0x78b609]
V  [jvm.dll+0x3ec22f]
V  [jvm.dll+0x3ede61]
C  [cyvrtrap.dll+0x1cf00]
C  [jli.dll+0x5297]
C  [ucrtbase.dll+0x37b0]
C  [cyinjct.dll+0x11e7]
C  [KERNEL32.DLL+0x2e8d7]
C  [ntdll.dll+0x8c3fc]


---------------  P R O C E S S  ---------------

Threads class SMR info:
_java_thread_list=0x00007ffd4cc27a18, length=0, elements={
}

Java Threads: ( => current thread )

Other Threads:
  0x000001c7481560b0 GCTaskThread "GC Thread#0" [stack: 0x0000002f1aa00000,0x0000002f1ab00000] [id=17480]
  0x000001c748169570 ConcurrentGCThread "G1 Main Marker" [stack: 0x0000002f1ab00000,0x0000002f1ac00000] [id=19108]
  0x000001c74816a990 ConcurrentGCThread "G1 Conc#0" [stack: 0x0000002f1ac00000,0x0000002f1ad00000] [id=13408]

[error occurred during error reporting (printing all threads), id 0xc0000005, EXCEPTION_ACCESS_VIOLATION (0xc0000005) at pc=0x00007ffd4c459497]

VM state: not at safepoint (not fully initialized)

VM Mutex/Monitor currently owned by a thread:  ([mutex/lock_event])
[0x000001c7480ea0f0] Heap_lock - owner thread: 0x000001c7480eede0

Heap address: 0x0000000704c00000, size: 4020 MB, Compressed Oops mode: Zero based, Oop shift amount: 3

CDS archive(s) mapped at: [0x0000000000000000-0x0000000000000000-0x0000000000000000), size 0, SharedBaseAddress: 0x0000000800000000, ArchiveRelocationMode: 1.
Narrow klass base: 0x0000000000000000, Narrow klass shift: 0, Narrow klass range: 0x0

GC Precious Log:
<Empty>

Heap:
 garbage-first heap   total 0K, used 0K [0x0000000704c00000, 0x0000000800000000)
  region size 2048K, 0 young (0K), 0 survivors (0K)

[error occurred during error reporting (printing heap information), id 0xc0000005, EXCEPTION_ACCESS_VIOLATION (0xc0000005) at pc=0x00007ffd4c843559]

GC Heap History (0 events):
No events

Deoptimization events (0 events):
No events

Classes unloaded (0 events):
No events

Classes redefined (0 events):
No events

Internal exceptions (0 events):
No events

VM Operations (0 events):
No events

Events (1 events):
Event: 0.020 Loaded shared library C:\Program Files\Java\jdk-17\bin\java.dll


Dynamic libraries:
0x00007ff6fa570000 - 0x00007ff6fa580000 	C:\Program Files\Java\jdk-17\bin\java.exe
0x00007ffe129e0000 - 0x00007ffe12c47000 	C:\Windows\SYSTEM32\ntdll.dll
0x00007ffe12700000 - 0x00007ffe127c9000 	C:\Windows\System32\KERNEL32.DLL
0x00007ffe12300000 - 0x00007ffe126f4000 	C:\Windows\System32\KERNELBASE.dll
0x000000007a1d0000 - 0x000000007a20e000 	C:\Windows\System32\cyinjct.dll
0x00007ffdf4150000 - 0x00007ffdf4174000 	C:\Windows\System32\cyvera.dll
0x00007ffdda630000 - 0x00007ffdda796000 	C:\Windows\System32\cyvrtrap.dll
0x00007ffe0c410000 - 0x00007ffe0c4af000 	C:\Windows\SYSTEM32\apphelp.dll
0x00007ffe10060000 - 0x00007ffe101ab000 	C:\Windows\System32\ucrtbase.dll
0x00007ffe0a1e0000 - 0x00007ffe0a1f9000 	C:\Program Files\Java\jdk-17\bin\jli.dll
0x00007ffe10ef0000 - 0x00007ffe10fa6000 	C:\Windows\System32\ADVAPI32.dll
0x00007ffe11390000 - 0x00007ffe11439000 	C:\Windows\System32\msvcrt.dll
0x00007ffe11450000 - 0x00007ffe114f7000 	C:\Windows\System32\sechost.dll
0x00007ffe121e0000 - 0x00007ffe122f8000 	C:\Windows\System32\RPCRT4.dll
0x00007ffe127d0000 - 0x00007ffe12995000 	C:\Windows\System32\USER32.dll
0x00007ffe101b0000 - 0x00007ffe101d7000 	C:\Windows\System32\win32u.dll
0x00007ffe112e0000 - 0x00007ffe1130b000 	C:\Windows\System32\GDI32.dll
0x00007ffe0f6c0000 - 0x00007ffe0f7ea000 	C:\Windows\System32\gdi32full.dll
0x00007ffe0f2a0000 - 0x00007ffe0f343000 	C:\Windows\System32\msvcp_win.dll
0x00007ffdf4200000 - 0x00007ffdf421b000 	C:\Program Files\Java\jdk-17\bin\VCRUNTIME140.dll
0x00007ffdf0ab0000 - 0x00007ffdf0d43000 	C:\Windows\WinSxS\amd64_microsoft.windows.common-controls_6595b64144ccf1df_6.0.26100.8115_none_3e075c82e3354f9c\COMCTL32.dll
0x00007ffdf1c20000 - 0x00007ffdf1c2b000 	C:\Windows\SYSTEM32\VERSION.dll
0x00007ffe109b0000 - 0x00007ffe109e2000 	C:\Windows\System32\IMM32.DLL
0x00007ffe0a3a0000 - 0x00007ffe0a3ac000 	C:\Program Files\Java\jdk-17\bin\vcruntime140_1.dll
0x00007ffdbf830000 - 0x00007ffdbf8be000 	C:\Program Files\Java\jdk-17\bin\msvcp140.dll
0x00007ffd4c170000 - 0x00007ffd4cd50000 	C:\Program Files\Java\jdk-17\bin\server\jvm.dll
0x00007ffe11440000 - 0x00007ffe11448000 	C:\Windows\System32\PSAPI.DLL
0x00007ffdf1760000 - 0x00007ffdf176a000 	C:\Windows\SYSTEM32\WSOCK32.dll
0x00007ffe11500000 - 0x00007ffe11580000 	C:\Windows\System32\WS2_32.dll
0x00007ffe05970000 - 0x00007ffe059a6000 	C:\Windows\SYSTEM32\WINMM.dll
0x00007ffe0de70000 - 0x00007ffe0de8b000 	C:\Windows\SYSTEM32\kernel.appcore.dll
0x00007ffe07a90000 - 0x00007ffe07a9a000 	C:\Program Files\Java\jdk-17\bin\jimage.dll
0x00007ffe0cf10000 - 0x00007ffe0d152000 	C:\Windows\SYSTEM32\DBGHELP.DLL
0x00007ffe11590000 - 0x00007ffe11912000 	C:\Windows\System32\combase.dll
0x00007ffe10d10000 - 0x00007ffe10de7000 	C:\Windows\System32\OLEAUT32.dll
0x00007ffdc9960000 - 0x00007ffdc999b000 	C:\Windows\SYSTEM32\dbgcore.DLL
0x00007ffe0f580000 - 0x00007ffe0f625000 	C:\Windows\System32\bcryptPrimitives.dll
0x00007ffdef380000 - 0x00007ffdef3da000 	C:\Program Files\Palo Alto Networks\Traps\cyjagent.dll
0x00007ffdf4120000 - 0x00007ffdf4145000 	C:\Program Files\Java\jdk-17\bin\java.dll

dbghelp: loaded successfully - version: 4.0.5 - missing functions: none
symbol engine: initialized successfully - sym options: 0x614 - pdb path: .;C:\Program Files\Java\jdk-17\bin;C:\Windows\SYSTEM32;C:\Windows\WinSxS\amd64_microsoft.windows.common-controls_6595b64144ccf1df_6.0.26100.8115_none_3e075c82e3354f9c;C:\Program Files\Java\jdk-17\bin\server;C:\Program Files\Palo Alto Networks\Traps

VM Arguments:
jvm_args: -Dnet.bytebuddy.agent.attacher.dump= -agentpath:C:\Program Files\Palo Alto Networks\Traps\cyjagent.dll 
java_command: net.bytebuddy.agent.Attacher com.sun.tools.attach.VirtualMachine 15564 C:\Users\SSDD\.m2\repository\net\bytebuddy\byte-buddy-agent\1.17.8\byte-buddy-agent-1.17.8.jar false 
java_class_path (initial): C:\Users\SSDD\.m2\repository\net\bytebuddy\byte-buddy-agent\1.17.8\byte-buddy-agent-1.17.8.jar
Launcher Type: SUN_STANDARD

[Global flags]
     intx CICompilerCount                          = 4                                         {product} {ergonomic}
     uint ConcGCThreads                            = 3                                         {product} {ergonomic}
     uint G1ConcRefinementThreads                  = 10                                        {product} {ergonomic}
   size_t G1HeapRegionSize                         = 2097152                                   {product} {ergonomic}
    uintx GCDrainStackTargetSize                   = 64                                        {product} {ergonomic}
   size_t InitialHeapSize                          = 264241152                                 {product} {ergonomic}
   size_t MarkStackSize                            = 4194304                                   {product} {ergonomic}
   size_t MaxHeapSize                              = 4215275520                                {product} {ergonomic}
   size_t MinHeapDeltaBytes                        = 2097152                                   {product} {ergonomic}
   size_t MinHeapSize                              = 8388608                                   {product} {ergonomic}
    uintx NonNMethodCodeHeapSize                   = 5839372                                {pd product} {ergonomic}
    uintx NonProfiledCodeHeapSize                  = 122909434                              {pd product} {ergonomic}
    uintx ProfiledCodeHeapSize                     = 122909434                              {pd product} {ergonomic}
    uintx ReservedCodeCacheSize                    = 251658240                              {pd product} {ergonomic}
     bool SegmentedCodeCache                       = true                                      {product} {ergonomic}
   size_t SoftMaxHeapSize                          = 4215275520                             {manageable} {ergonomic}
     bool UseCompressedClassPointers               = true                           {product lp64_product} {ergonomic}
     bool UseCompressedOops                        = true                           {product lp64_product} {ergonomic}
     bool UseG1GC                                  = true                                      {product} {ergonomic}
     bool UseLargePagesIndividualAllocation        = false                                  {pd product} {ergonomic}

Logging:
Log output configuration:
 #0: stdout all=warning uptime,level,tags
 #1: stderr all=off uptime,level,tags

Environment Variables:
PATH=C:\Program Files\Common Files\Oracle\Java\javapath;C:\app\SSDD\product\21c\dbhomeXE\bin;C:\Windows\system32;C:\Windows;C:\Windows\System32\Wbem;C:\Windows\System32\WindowsPowerShell\v1.0\;C:\Windows\System32\OpenSSH\;C:\Program Files (x86)\Windows Kits\10\Windows Performance Toolkit\;C:\Program Files\dotnet\;C:\Program Files\MATLAB\R2025b\runtime\win64;C:\Program Files\MATLAB\R2025b\bin;C:\Program Files\Microsoft SQL Server\130\Tools\Binn\;C:\Program Files\Microsoft SQL Server\Client SDK\ODBC\170\Tools\Binn\;C:\Program Files (x86)\Microsoft SQL Server\150\Tools\Binn\;C:\Program Files\Microsoft SQL Server\150\Tools\Binn\;C:\Program Files\Microsoft SQL Server\150\DTS\Binn\;C:\Program Files (x86)\Microsoft SQL Server\150\DTS\Binn\;C:\Program Files\Azure Data Studio\bin;C:\Program Files\Git\cmd;C:\Users\SSDD\AppData\Local\Microsoft\WindowsApps;C:\Users\SSDD\AppData\Local\GitHubDesktop\bin;C:\Program Files\Azure Data Studio\bin;C:\Users\SSDD\AppData\Local\Programs\Microsoft VS Code\bin
USERNAME=SSDD
OS=Windows_NT
PROCESSOR_IDENTIFIER=Intel64 Family 6 Model 151 Stepping 5, GenuineIntel



---------------  S Y S T E M  ---------------

OS:
 Windows 11 , 64 bit Build 26100 (10.0.26100.8115)
OS uptime: 0 days 0:48 hours
Hyper-V role detected

CPU: total 12 (initial active 12) (6 cores per cpu, 2 threads per core) family 6 model 151 stepping 5 microcode 0x3e, cx8, cmov, fxsr, ht, mmx, 3dnowpref, sse, sse2, sse3, ssse3, sse4.1, sse4.2, popcnt, lzcnt, tsc, tscinvbit, avx, avx2, aes, erms, clmul, bmi1, bmi2, adx, sha, fma, vzeroupper, clflush, clflushopt, clwb, hv

Memory: 4k page, system-wide physical 16072M (1737M free)
TotalPageFile size 16072M (AvailPageFile size 134M)
current process WorkingSet (physical memory assigned to process): 15M, peak: 15M
current process commit charge ("private bytes"): 67M, peak: 319M

vm_info: Java HotSpot(TM) 64-Bit Server VM (17.0.11+7-LTS-207) for windows-amd64 JRE (17.0.11+7-LTS-207), built on Mar 11 2024 19:01:50 by "mach5one" with MS VC++ 17.6 (VS2022)

END.
